C51 COMPILER V9.57.0.0   BEEP                                                              03/21/2023 17:25:32 PAGE 1   


C51 COMPILER V9.57.0.0, COMPILATION OF MODULE BEEP
OBJECT MODULE PLACED IN .\Objects\beep.obj
COMPILER INVOKED BY: D:\KEIL5\MDK5\C51\BIN\C51.EXE ..\DRIVER\beep\beep.c OPTIMIZE(8,SPEED) BROWSE INCDIR(..\SYS;..\USER;
                    -..\DRIVER\key;..\DRIVER\led;..\DRIVER\beep;..\DRIVER\beep) DEBUG OBJECTEXTEND PRINT(.\Listings\beep.lst) TABS(2) OBJECT(
                    -.\Objects\beep.obj)

line level    source

   1          #include "beep.h"
   2          void beep_ala(u16 time,u16 fre)
   3          {
   4   1        while(time--)
   5   1        {
   6   2          BEEP=!BEEP;
   7   2          delay_10us(fre);  
   8   2        }   
   9   1      }
  10          


MODULE INFORMATION:   STATIC OVERLAYABLE
   CODE SIZE        =     33    ----
   CONSTANT SIZE    =   ----    ----
   XDATA SIZE       =   ----    ----
   PDATA SIZE       =   ----    ----
   DATA SIZE        =   ----       4
   IDATA SIZE       =   ----    ----
   BIT SIZE         =   ----    ----
END OF MODULE INFORMATION.


C51 COMPILATION COMPLETE.  0 WARNING(S),  0 ERROR(S)
