C51 COMPILER V9.57.0.0   LED                                                               03/25/2023 18:48:24 PAGE 1   


C51 COMPILER V9.57.0.0, COMPILATION OF MODULE LED
OBJECT MODULE PLACED IN .\Objects\led.obj
COMPILER INVOKED BY: D:\KEIL5\MDK5\C51\BIN\C51.EXE ..\DRIVER\led\led.c OPTIMIZE(8,SPEED) BROWSE INCDIR(..\SYS;..\USER;..
                    -\DRIVER\key;..\DRIVER\led;..\DRIVER\beep;..\DRIVER\beep) DEBUG OBJECTEXTEND PRINT(.\Listings\led.lst) TABS(2) OBJECT(.\O
                    -bjects\led.obj)

line level    source

   1          #include "led.h"
   2          void led_xianshi(u8 i)
   3          {
   4   1      switch(i)
   5   1        {
   6   2          case 1:LED=0XFF;break;
   7   2          case 2:LED=0X7E;break;
   8   2          case 3:LED=0X3C;break;
   9   2          case 4:LED=0X18;break;
  10   2          case 5:LED=0X00;break;
  11   2          case 6:LED=0X81;break;
  12   2          case 7:LED=0XC3;break;
  13   2          case 8:LED=0XE7;break;
  14   2          case 0:LED=0xFF;break;
  15   2        }
  16   1      
  17   1      }


MODULE INFORMATION:   STATIC OVERLAYABLE
   CODE SIZE        =     74    ----
   CONSTANT SIZE    =   ----    ----
   XDATA SIZE       =   ----    ----
   PDATA SIZE       =   ----    ----
   DATA SIZE        =   ----    ----
   IDATA SIZE       =   ----    ----
   BIT SIZE         =   ----    ----
END OF MODULE INFORMATION.


C51 COMPILATION COMPLETE.  0 WARNING(S),  0 ERROR(S)
