C51 COMPILER V9.57.0.0   MAIN                                                              03/26/2023 13:56:41 PAGE 1   


C51 COMPILER V9.57.0.0, COMPILATION OF MODULE MAIN
OBJECT MODULE PLACED IN .\Objects\main.obj
COMPILER INVOKED BY: D:\KEIL5\MDK5\C51\BIN\C51.EXE main.c OPTIMIZE(8,SPEED) BROWSE INCDIR(..\SYS;..\USER;..\DRIVER\key;.
                    -.\DRIVER\led;..\DRIVER\beep;..\DRIVER\beep) DEBUG OBJECTEXTEND PRINT(.\Listings\main.lst) TABS(2) OBJECT(.\Objects\main.
                    -obj)

line level    source

   1          #include "public.h"
   2          #include "init.h"
   3          #include "beep.h"
   4          #include "led.h"
   5          //sbit BEEP=P2^7;
   6          //u8 i;
   7          //u16 j;
   8          //void main()
   9          //{
  10          //  exti0_init();
  11          //   while(1)
  12          //  {
  13          //    
  14          //  }
  15          
  16          //}
  17          
  18          //void exti0() interrupt 0 //外部中断1中断函数
  19          //{
  20          //  delay_10us(1000);//消斗
  21          //  //if(KEY4==0)//再次判断K4键是否按下
  22          ////{
  23          //    while(1)
  24          //  {
  25          //      for(i=1;i<9;i++)
  26          //    {
  27          //      led_xianshi(i);
  28          //      delay_10us(50000);
  29          //      for(j=1000;j>0;j--)//循环2000次
  30          //      {
  31          //      BEEP=!BEEP;//产生一定频率的脉冲信号
  32          //      delay_10us(10*i);
  33          //      }
  34          //      if(KEY4=0) while(1);
  35          //    } 
  36          //  }       
  37          //}
  38          
  39          sbit BEEP=P2^7;
  40          u8 i;
  41          u16 j;
  42          u8 num;
  43          void main()
  44          {
  45   1          delay_10us(1000);//消斗
  46   1          exti0_init();
  47   1        //  if(KEY4==0)//再次判断K4键是否按下
  48   1        while(1)
  49   1        {
  50   2             delay_10us(5000);
  51   2             if(num==1)
  52   2             {
  53   3                    
C51 COMPILER V9.57.0.0   MAIN                                                              03/26/2023 13:56:41 PAGE 2   

  54   3                    for(i=1;i<9;i++)
  55   3                    {
  56   4                        delay_10us(5000);
  57   4                        led_xianshi(i);
  58   4                        for(j=1000;j>0;j--)//循环2000次
  59   4                       {
  60   5                        BEEP=!BEEP;//产生一定频率的脉冲信号
  61   5                        delay_10us(10*i);
  62   5                       }
  63   4                    }
  64   3             }
  65   2             if(num==2)
  66   2             {
  67   3               led_xianshi(0);
  68   3               BEEP=0;
  69   3             }
  70   2             if(num==3)
  71   2             {
  72   3               num=1;
  73   3             }
  74   2        } 
  75   1          
  76   1      
  77   1      }
  78          
  79          void exti0() interrupt 0 //外部中断1中断函数
  80          {
  81   1        num++;
  82   1      }


MODULE INFORMATION:   STATIC OVERLAYABLE
   CODE SIZE        =    111    ----
   CONSTANT SIZE    =   ----    ----
   XDATA SIZE       =   ----    ----
   PDATA SIZE       =   ----    ----
   DATA SIZE        =      4    ----
   IDATA SIZE       =   ----    ----
   BIT SIZE         =   ----    ----
END OF MODULE INFORMATION.


C51 COMPILATION COMPLETE.  0 WARNING(S),  0 ERROR(S)
